[INFO] Scanning for projects...
[INFO] 
[INFO] -----------------< org.springframework:movie-service >------------------
[INFO] Building movie-service 0.1.0
[INFO]   from pom.xml
[INFO] --------------------------------[ jar ]---------------------------------
[INFO] 
[INFO] --- clean:3.3.2:clean (default-clean) @ movie-service ---
[INFO] Deleting /data/code/target
[INFO] 
[INFO] --- resources:3.3.1:resources (default-resources) @ movie-service ---
[INFO] Copying 1 resource from src/main/resources to target/classes
[INFO] Copying 1 resource from src/main/resources to target/classes
[INFO] 
[INFO] --- compiler:3.13.0:compile (default-compile) @ movie-service ---
[INFO] Recompiling the module because of changed source code.
[INFO] Compiling 11 source files with javac [debug parameters release 21] to target/classes
[INFO] Annotation processing is enabled because one or more processors were found
  on the class path. A future release of javac may disable annotation processing
  unless at least one processor is specified by name (-processor), or a search
  path is specified (--processor-path, --processor-module-path), or annotation
  processing is enabled explicitly (-proc:only, -proc:full).
  Use -Xlint:-options to suppress this message.
  Use -proc:none to disable annotation processing.
[WARNING] /data/code/src/main/java/com/amazonaws/samples/appconfig/utils/Math.java:[6,20] Boolean(boolean) in java.lang.Boolean has been deprecated and marked for removal
[WARNING] /data/code/src/main/java/com/amazonaws/samples/appconfig/utils/Math.java:[7,14] Byte(java.lang.String) in java.lang.Byte has been deprecated and marked for removal
[WARNING] /data/code/src/main/java/com/amazonaws/samples/appconfig/utils/Math.java:[8,19] Character(char) in java.lang.Character has been deprecated and marked for removal
[WARNING] /data/code/src/main/java/com/amazonaws/samples/appconfig/utils/Math.java:[9,16] Double(double) in java.lang.Double has been deprecated and marked for removal
[WARNING] /data/code/src/main/java/com/amazonaws/samples/appconfig/utils/Math.java:[10,15] Float(float) in java.lang.Float has been deprecated and marked for removal
[WARNING] /data/code/src/main/java/com/amazonaws/samples/appconfig/utils/Math.java:[11,14] Long(long) in java.lang.Long has been deprecated and marked for removal
[WARNING] /data/code/src/main/java/com/amazonaws/samples/appconfig/utils/Math.java:[12,16] Short(java.lang.String) in java.lang.Short has been deprecated and marked for removal
[WARNING] /data/code/src/main/java/com/amazonaws/samples/appconfig/utils/Math.java:[14,17] Short(short) in java.lang.Short has been deprecated and marked for removal
[WARNING] /data/code/src/main/java/com/amazonaws/samples/appconfig/utils/Math.java:[15,17] Integer(int) in java.lang.Integer has been deprecated and marked for removal
[INFO] /data/code/src/main/java/com/amazonaws/samples/appconfig/utils/AppConfigUtility.java: Some input files use or override a deprecated API.
[INFO] /data/code/src/main/java/com/amazonaws/samples/appconfig/utils/AppConfigUtility.java: Recompile with -Xlint:deprecation for details.
[INFO] 
[INFO] --- resources:3.3.1:testResources (default-testResources) @ movie-service ---
[INFO] skip non existing resourceDirectory /data/code/src/test/resources
[INFO] 
[INFO] --- compiler:3.13.0:testCompile (default-testCompile) @ movie-service ---
[INFO] Recompiling the module because of changed dependency.
[INFO] Compiling 4 source files with javac [debug parameters release 21] to target/test-classes
[INFO] Annotation processing is enabled because one or more processors were found
  on the class path. A future release of javac may disable annotation processing
  unless at least one processor is specified by name (-processor), or a search
  path is specified (--processor-path, --processor-module-path), or annotation
  processing is enabled explicitly (-proc:only, -proc:full).
  Use -Xlint:-options to suppress this message.
  Use -proc:none to disable annotation processing.
[INFO] /data/code/src/test/java/com/amazonaws/samples/appconfig/movies/MathTest.java: Some input files use or override a deprecated API.
[INFO] /data/code/src/test/java/com/amazonaws/samples/appconfig/movies/MathTest.java: Recompile with -Xlint:deprecation for details.
[INFO] /data/code/src/test/java/com/amazonaws/samples/appconfig/movies/MockTest.java: /data/code/src/test/java/com/amazonaws/samples/appconfig/movies/MockTest.java uses unchecked or unsafe operations.
[INFO] /data/code/src/test/java/com/amazonaws/samples/appconfig/movies/MockTest.java: Recompile with -Xlint:unchecked for details.
[INFO] 
[INFO] --- surefire:3.1.2:test (default-test) @ movie-service ---
[INFO] Using auto detected provider org.apache.maven.surefire.junitplatform.JUnitPlatformProvider
[INFO] 
[INFO] -------------------------------------------------------
[INFO]  T E S T S
[INFO] -------------------------------------------------------
[INFO] 
[INFO] Results:
[INFO] 
[INFO] Tests run: 0, Failures: 0, Errors: 0, Skipped: 0
[INFO] 
[INFO] 
[INFO] --- jar:3.3.0:jar (default-jar) @ movie-service ---
[INFO] Building jar: /data/code/target/movie-service-0.1.0.jar
[INFO] 
[INFO] --- spring-boot:3.2.12:repackage (repackage) @ movie-service ---
[INFO] Replacing main artifact /data/code/target/movie-service-0.1.0.jar with repackaged archive, adding nested dependencies in BOOT-INF/.
[INFO] The original artifact has been renamed to /data/code/target/movie-service-0.1.0.jar.original
[INFO] 
[INFO] --- install:3.1.3:install (default-install) @ movie-service ---
[INFO] Installing /data/code/pom.xml to /root/.m2/repository/org/springframework/movie-service/0.1.0/movie-service-0.1.0.pom
[INFO] Installing /data/code/target/movie-service-0.1.0.jar to /root/.m2/repository/org/springframework/movie-service/0.1.0/movie-service-0.1.0.jar
[INFO] ------------------------------------------------------------------------
[INFO] BUILD SUCCESS
[INFO] ------------------------------------------------------------------------
[INFO] Total time:  40.528 s
[INFO] Finished at: 2026-01-08T05:48:30Z
[INFO] ------------------------------------------------------------------------
